Downloading plugins and themes...
Setting up Docker...
Setting up WordPress...
Activating plugins...
Environment ready.

Bootstrapping Plugins
Bootstrapping woocommerce /qit/tests/e2e/woocommerce/self-test-sut-and-test-additional/bootstrap/bootstrap.php
Bootstrapping woocommerce /qit/tests/e2e/woocommerce/self-test-sut-and-test-additional/bootstrap/bootstrap.sh
Bootstrapping automatewoo /qit/tests/e2e/automatewoo/local/bootstrap/bootstrap.php
Bootstrapping automatewoo /qit/tests/e2e/automatewoo/local/bootstrap/bootstrap.sh
Exporting DB
Running E2E Tests
Running 3 tests using 1 worker
[1/3] [woocommerce-self-test-sut-and-test-additional] â€º woocommerce/self-test-sut-and-test-additional/example.spec.js:9:5 â€º I can see my plugin menu
[1A[0G[0J[2/3] [db-import] â€º db-import.js:5:5 â€º Database Import
[db-import] â€º db-import.js:5:5 â€º Database Import
Success: Imported from '/tmp-normalized/qit-bootstrap.sql'.
[1A[0G[0J[3/3] [automatewoo-local] â€º automatewoo/local/example.spec.js:9:5 â€º I can see my plugin menu
3 passed (TIME)

To open last HTML report run: qit e2e-report

Shutting down environment...
