Downloading plugins and themes...
Setting up Docker...
First-time setup is pulling Docker images and caching downloads. Subsequent runs will be faster.
Setting up WordPress...
Activating plugins...
Environment ready.

Bootstrapping Plugins
Bootstrapping automatewoo /qit/tests/e2e/automatewoo/local/bootstrap/bootstrap.php
Bootstrapping automatewoo /qit/tests/e2e/automatewoo/local/bootstrap/bootstrap.sh
Running E2E Tests
Running 1 test using 1 worker
[1/1] [automatewoo-local] › automatewoo/local/example.spec.js:9:5 › I can see my plugin menu
1 passed (TIME)

To open last HTML report run: qit e2e-report

Shutting down environment...

