Downloading plugins and themes...
Setting up Docker...
Setting up WordPress...
Activating plugins...
Environment ready.

Bootstrapping Plugins
Bootstrapping woocommerce /qit/tests/e2e/woocommerce/self-test-multiple-test-tags/bootstrap/bootstrap.php
Bootstrapping woocommerce /qit/tests/e2e/woocommerce/self-test-multiple-test-tags/bootstrap/bootstrap.sh
Bootstrapping woocommerce /qit/tests/e2e/woocommerce/self-test-multiple-test-tags-another/bootstrap/bootstrap.php
Bootstrapping woocommerce /qit/tests/e2e/woocommerce/self-test-multiple-test-tags-another/bootstrap/bootstrap.sh
Bootstrapping automatewoo /qit/tests/e2e/automatewoo/self-test-multiple-test-tags/bootstrap/bootstrap.php
Bootstrapping automatewoo /qit/tests/e2e/automatewoo/self-test-multiple-test-tags/bootstrap/bootstrap.sh
Bootstrapping automatewoo /qit/tests/e2e/automatewoo/self-test-multiple-test-tags-another/bootstrap/bootstrap.php
Bootstrapping automatewoo /qit/tests/e2e/automatewoo/self-test-multiple-test-tags-another/bootstrap/bootstrap.sh
Exporting DB
Running E2E Tests
Running 7 tests using 1 worker
[1/7] [woocommerce-self-test-multiple-test-tags] â€º woocommerce/self-test-multiple-test-tags/example.spec.js:9:5 â€º I
[1A[0G[0J[2/7] [db-import] â€º db-import.js:5:5 â€º Database Import
[db-import] â€º db-import.js:5:5 â€º Database Import
Success: Imported from '/tmp/qit-bootstrap.sql'.
[1A[0G[0J[3/7] [woocommerce-self-test-multiple-test-tags-another] â€º woocommerce/self-test-multiple-test-tags-another/another-ta
[1A[0G[0J[4/7] [db-import] â€º db-import.js:5:5 â€º Database Import
[db-import] â€º db-import.js:5:5 â€º Database Import
Success: Imported from '/tmp/qit-bootstrap.sql'.
[1A[0G[0J[5/7] [automatewoo-self-test-multiple-test-tags] â€º automatewoo/self-test-multiple-test-tags/example.spec.js:9:5 â€º I
[1A[0G[0J[6/7] [db-import] â€º db-import.js:5:5 â€º Database Import
[db-import] â€º db-import.js:5:5 â€º Database Import
Success: Imported from '/tmp/qit-bootstrap.sql'.
[1A[0G[0J[7/7] [automatewoo-self-test-multiple-test-tags-another] â€º automatewoo/self-test-multiple-test-tags-another/another-ta
7 passed (TIME)

To open last HTML report run: qit e2e-report

Shutting down environment...
