Field	Value
name	Storefront
status	inactive

Field	Value
name	Twenty Seventeen
status	inactive

