Loading environment config from override parameter /tmp-normalized/qit-env-<hash>.json...
Warning: Key "config" not found in environment info.
Downloading plugins and themes...
Setting up Docker...
Setting up WordPress...
Activating plugins...
Environment ready.

Bootstrapping Plugins
Bootstrapping automatewoo /qit/tests/e2e/automatewoo/local/bootstrap/bootstrap.php
Bootstrapping automatewoo /qit/tests/e2e/automatewoo/local/bootstrap/bootstrap.sh
Running E2E Tests
Running 1 test using 1 worker
[1/1] [automatewoo-local] › automatewoo/local/example.spec.js:9:5 › I can see my plugin menu
Slow test file: [automatewoo-local] › automatewoo/local/example.spec.js (<time>s)
Consider splitting slow test files to speed up parallel execution
1 passed (TIME)

To open last HTML report run: qit e2e-report

Shutting down environment...

