Cannot use "--woo" and "--plugin woocommerce" at the same time. Use one or another.

