Warning: Key "skip_activating_plugins" not found in environment info.
Downloading plugins and themes...
Setting up Docker...
First-time setup is pulling Docker images and caching downloads. Subsequent runs will be faster.
Setting up WordPress...
Activating plugins...
Plugin automatewoo/automatewoo.php failed to activate.
Environment ready.

Bootstrapping Plugins
Bootstrapping automatewoo /qit/tests/e2e/automatewoo/local/bootstrap/bootstrap.php
Bootstrapping automatewoo /qit/tests/e2e/automatewoo/local/bootstrap/bootstrap.sh
Running E2E Tests
Running 1 test using 1 worker
[1/1] [automatewoo-local] › automatewoo/local/example.spec.js:8:5 › I can se
1 passed (TIME)

To open last HTML report run: qit e2e-report

Shutting down environment...
