Downloading plugins and themes...
Setting up Docker...
Setting up WordPress...

Shutting down environment...

