Downloading plugins and themes...
Setting up Docker...
Setting up WordPress...
Activating plugins...
Environment ready.

Bootstrapping Plugins
Bootstrapping woocommerce-amazon-s3-storage /qit/tests/e2e/woocommerce-amazon-s3-storage/self-test-tag-and-run/bootstrap/bootstrap.php
Bootstrapping woocommerce-amazon-s3-storage /qit/tests/e2e/woocommerce-amazon-s3-storage/self-test-tag-and-run/bootstrap/bootstrap.sh
Moving must-use plugin of woocommerce-amazon-s3-storage /qit/tests/e2e/woocommerce-amazon-s3-storage/self-test-tag-and-run/bootstrap/mu-plugin.php
Running E2E Tests
Running 1 test using 1 worker
âœ“  1 [woocommerce-amazon-s3-storage-self-test-tag-and-run] â€º woocommerce-amazon-s3-storage/self-test-tag-and-run/example.spec.js:9:5 â€º I can see my plugin menu (TIME)
1 passed (TIME)
Test artifacts being saved to: /tmp-normalized/qit-results-normalizedid
Uploading zip...


[30;42m                                                                                                                        [39;49m
[30;42m [OK] Tests passed. Run 'qit e2e-report' to view the report.                                                            [39;49m
[30;42m                                                                                                                        [39;49m


Shutting down environment...

