Downloading plugins and themes...
Setting up Docker...
Setting up WordPress...
Activating plugins...
Environment ready.

Bootstrapping Plugins
Bootstrapping deli /qit/tests/e2e/deli/local/bootstrap/bootstrap.php
Bootstrapping deli /qit/tests/e2e/deli/local/bootstrap/bootstrap.sh
Moving must-use plugin of deli /qit/tests/e2e/deli/local/bootstrap/mu-plugin.php
Running E2E Tests
Running 2 tests using 1 worker
âœ“  1 [deli-local] â€º deli/local/activate-theme.spec.js:4:5 â€º I can activate Deli (TIME)
âœ“  2 [deli-local] â€º deli/local/example.spec.js:9:5 â€º I can see my plugin menu (TIME)
2 passed (TIME)
Test artifacts being saved to: /tmp-normalized/qit-results-normalizedid
Uploading zip...


[30;42m                                                                                                                        [39;49m
[30;42m [OK] Tests passed. Run 'qit e2e-report' to view the report.                                                            [39;49m
[30;42m                                                                                                                        [39;49m


Shutting down environment...

