Uploading zip...

Tests updated for extension 'automatewoo' successfully.

