{
    "environment": "e2e",
    "temporary_env": "\/tmp\/.woo-qit-tests\/temporary-envs\/e2e-123456\/",
    "created_at": 1711651749,
    "status": "pending",
    "env_id": "123456",
    "volumes": [],
    "docker_images": [],
    "docker_network": null,
    "php_extensions": [],
    "plugins": [
        {
            "slug": "qit-cat",
            "source": "qit-cat",
            "downloaded_source": null,
            "type": "plugin",
            "handler": null,
            "version": "undefined",
            "action": "activate",
            "test_tags": [
                "bar"
            ]
        },
        {
            "slug": "qit-beaver",
            "source": "qit-beaver",
            "downloaded_source": null,
            "type": "plugin",
            "handler": null,
            "version": "undefined",
            "action": "activate",
            "test_tags": [
                "default"
            ]
        }
    ],
    "themes": [
        {
            "slug": "qit-dog",
            "source": "qit-dog",
            "downloaded_source": null,
            "type": "theme",
            "handler": null,
            "version": "undefined",
            "action": "activate",
            "test_tags": [
                "default"
            ]
        },
        {
            "slug": "foo-extension",
            "source": "foo-extension",
            "downloaded_source": null,
            "type": "theme",
            "handler": null,
            "version": "undefined",
            "action": "activate",
            "test_tags": [
                "foo"
            ]
        }
    ],
    "site_url": null,
    "wp": "",
    "object_cache": false,
    "php_version": null,
    "nginx_port": null,
    "domain": "localhost",
    "woocommerce_version": null,
    "tests": []
}
