{
    "this-is-a-very-long-plugin-name-that-might-exceed-typical-limits": {
        "slug": "this-is-a-very-long-plugin-name-that-might-exceed-typical-limits",
        "entrypoint": null,
        "source": "this-is-a-very-long-plugin-name-that-might-exceed-typical-limits",
        "downloaded_source": null,
        "type": "plugin",
        "handler": "QIT_CLI\\Environment\\ExtensionDownload\\Handlers\\QITHandler",
        "version": "undefined",
        "action": null,
        "test_tags": null
    },
    "this-is-a-very-long-theme-name-that-might-exceed-typical-limits": {
        "slug": "this-is-a-very-long-theme-name-that-might-exceed-typical-limits",
        "entrypoint": null,
        "source": "this-is-a-very-long-theme-name-that-might-exceed-typical-limits",
        "downloaded_source": null,
        "type": "theme",
        "handler": "QIT_CLI\\Environment\\ExtensionDownload\\Handlers\\QITHandler",
        "version": "undefined",
        "action": null,
        "test_tags": null
    }
}
