{
    "b1e11c1fb5a6645067d2725427d8ee70": {
        "slug": "b1e11c1fb5a6645067d2725427d8ee70",
        "entrypoint": null,
        "source": "\/tmp\/plugin",
        "downloaded_source": null,
        "type": "plugin",
        "handler": "QIT_CLI\\Environment\\ExtensionDownload\\Handlers\\FileHandler",
        "version": "undefined",
        "action": null,
        "test_tags": null
    },
    "9629d5fe1854eae2a590ec1923c54d87": {
        "slug": "9629d5fe1854eae2a590ec1923c54d87",
        "entrypoint": null,
        "source": "\/tmp\/plugin2.zip",
        "downloaded_source": null,
        "type": "plugin",
        "handler": "QIT_CLI\\Environment\\ExtensionDownload\\Handlers\\FileHandler",
        "version": "undefined",
        "action": null,
        "test_tags": null
    },
    "77ee9bc47105a874f85e814cf072729d": {
        "slug": "77ee9bc47105a874f85e814cf072729d",
        "entrypoint": null,
        "source": "\/tmp\/theme",
        "downloaded_source": null,
        "type": "theme",
        "handler": "QIT_CLI\\Environment\\ExtensionDownload\\Handlers\\FileHandler",
        "version": "undefined",
        "action": null,
        "test_tags": null
    },
    "36d755f331b385dbd16b552001f819fb": {
        "slug": "36d755f331b385dbd16b552001f819fb",
        "entrypoint": null,
        "source": "\/tmp\/theme2.zip",
        "downloaded_source": null,
        "type": "theme",
        "handler": "QIT_CLI\\Environment\\ExtensionDownload\\Handlers\\FileHandler",
        "version": "undefined",
        "action": null,
        "test_tags": null
    }
}
