{
    "http:\/\/example.com\/plugin.zip": {
        "extension_identifier": "http:\/\/example.com\/plugin.zip",
        "type": "plugin",
        "handler": "QIT_CLI\\Environment\\ExtensionDownload\\Handlers\\URLHandler",
        "path": "",
        "version": "undefined",
        "download_url": null
    },
    "https:\/\/example.com\/plugin2.zip": {
        "extension_identifier": "https:\/\/example.com\/plugin2.zip",
        "type": "plugin",
        "handler": "QIT_CLI\\Environment\\ExtensionDownload\\Handlers\\URLHandler",
        "path": "",
        "version": "undefined",
        "download_url": null
    }
}
