{
    "foo-custom-1": {
        "extension": "foo-custom-1",
        "type": "plugin",
        "handler": "FooCustomHandler",
        "path": ""
    },
    "foo-custom-2": {
        "extension": "foo-custom-2",
        "type": "plugin",
        "handler": "FooCustomHandler",
        "path": ""
    },
    "foo-custom-theme-1": {
        "extension": "foo-custom-theme-1",
        "type": "theme",
        "handler": "FooCustomHandler",
        "path": ""
    },
    "foo-custom-theme-2": {
        "extension": "foo-custom-theme-2",
        "type": "theme",
        "handler": "FooCustomHandler",
        "path": ""
    }
}
