[
    {
        "slug": "qit-beaver",
        "source": "https:\/\/github.com\/qitbeaver\/qit-beaver",
        "downloaded_source": null,
        "type": "plugin",
        "handler": null,
        "version": "undefined",
        "action": "bootstrap",
        "test_tags": [
            "stable",
            "\/tmp\/test-tag-local-dir"
        ]
    },
    {
        "slug": "qit-cat",
        "source": "https:\/\/github.com\/cat\/pictures",
        "downloaded_source": null,
        "type": "plugin",
        "handler": null,
        "version": "undefined",
        "action": "test",
        "test_tags": [
            "beta",
            "release-candidate"
        ]
    }
]
