[
    {
        "action": "install",
        "slug": "foo-extension",
        "source": "https:\/\/github.com\/qitbeaver\/foo-extension.zip",
        "test_tags": [
            "default"
        ]
    },
    {
        "action": "install",
        "slug": "bar-extension",
        "source": "\/path\/to\/file\/bar-extension.zip",
        "test_tags": [
            "default"
        ]
    },
    {
        "action": "install",
        "slug": "baz-extension",
        "source": "\/path\/to\/file\/baz-extension",
        "test_tags": [
            "default"
        ]
    },
    {
        "action": "install",
        "slug": "qit-beaver",
        "source": "qit-beaver",
        "test_tags": [
            "default"
        ]
    },
    {
        "action": "test",
        "slug": "qit-cat",
        "source": "qit-cat",
        "test_tags": [
            "rc"
        ]
    },
    {
        "action": "test",
        "slug": "qit-cat",
        "source": "qit-cat",
        "test_tags": [
            "rc",
            "feature-foo"
        ]
    },
    {
        "action": "test",
        "slug": "qit-cat",
        "source": "qit-cat",
        "test_tags": [
            "rc",
            "feature-foo"
        ]
    },
    {
        "action": "test",
        "slug": "qit-cat",
        "source": "qit-cat",
        "test_tags": [
            "rc",
            "feature-foo"
        ]
    },
    {
        "action": "test",
        "slug": "foo-extension",
        "source": "https:\/\/github.com\/qitbeaver\/foo-extension.zip",
        "test_tags": [
            "rc",
            "feature-foo"
        ]
    },
    {
        "action": "test",
        "slug": "bar-extension",
        "source": "\/path\/to\/file\/bar-extension.zip",
        "test_tags": [
            "rc",
            "feature-foo"
        ]
    },
    {
        "action": "test",
        "slug": "baz-extension",
        "source": "\/path\/to\/file\/baz-extension",
        "test_tags": [
            "rc",
            "feature-foo"
        ]
    },
    {
        "action": "install",
        "slug": "bar-extension",
        "source": "\/path\/to\/file\/bar-extension.zip",
        "test_tags": [
            "default"
        ]
    },
    {
        "action": "install",
        "slug": "qit-beaver",
        "source": "C:\\Program Files\\example\\qit-beaver.zip",
        "test_tags": [
            "default"
        ]
    },
    {
        "action": "install",
        "slug": "qit-beaver",
        "source": "ftp:\/\/ftp.example.com\/qit-beaver.zip",
        "test_tags": [
            "default"
        ]
    },
    {
        "action": "install",
        "slug": "qit-beaver",
        "source": "ssh:\/\/example.com:\/path\/to\/qit-beaver.zip",
        "test_tags": [
            "default"
        ]
    },
    {
        "action": "install",
        "slug": "qit-beaver",
        "source": "\\\\network-share\\plugins\\qit-beaver.zip",
        "test_tags": [
            "default"
        ]
    }
]
