{
    "1234567890": {
        "environment": "e2e",
        "temporary_env": "\/path\/to\/temporary-envs\/foo",
        "created_at": 1708728299,
        "status": "pending",
        "env_id": 1234567890,
        "volumes": [],
        "docker_images": [],
        "docker_network": null,
        "php_extensions": [],
        "plugins": [],
        "themes": [],
        "site_url": null,
        "wp": "",
        "object_cache": false,
        "php_version": null,
        "nginx_port": null,
        "sut_slug": null,
        "sut_id": null,
        "domain": "localhost",
        "tests": [],
        "playwright_config": []
    }
}
