{
    "1234567890": {
        "type": "e2e",
        "temporary_env": "\/path\/to\/temporary-envs\/bar",
        "created_at": 1708728299,
        "status": "running",
        "env_id": 1234567890,
        "site_url": null,
        "docker_images": null
    }
}
