{
    "1234567890": {
        "type": "e2e",
        "temporary_env": "\/path\/to\/temporary-envs\/foo",
        "created_at": 1708728299,
        "status": "running",
        "env_id": 1234567890,
        "site_url": null,
        "domain": null,
        "php_version": null,
        "wordpress_version": "",
        "redis": false,
        "docker_images": null
    }
}
