{
    "e73bdf327f11823203f80f4f4542cdf3": {
        "type": "e2e",
        "temporary_env": "\/path\/to\/temporary-envs\/e2e",
        "created_at": 1708728299,
        "status": "pending"
    }
}
