[
    {
        "url": "https:\/\/compatibilitydashboard.wpcomstaging.com\/wp-json\/cd\/v1\/upload-build",
        "method": "POST",
        "post_body": {
            "cd_upload_id": "123e4567-e89b-12d3-a456-426614174000",
            "woo_extension_id": 123,
            "current_chunk": 1,
            "md5_sum": "REMOVED_FOR_SNAPSHOT_TEST",
            "total_chunks": 2,
            "chunk": "REMOVED_FOR_SNAPSHOT_TEST"
        },
        "curl_opts": [],
        "expected_status_codes": [
            200,
            206
        ]
    },
    {
        "url": "https:\/\/compatibilitydashboard.wpcomstaging.com\/wp-json\/cd\/v1\/upload-build",
        "method": "POST",
        "post_body": {
            "cd_upload_id": "123e4567-e89b-12d3-a456-426614174000",
            "woo_extension_id": 123,
            "current_chunk": 2,
            "md5_sum": "REMOVED_FOR_SNAPSHOT_TEST",
            "total_chunks": 2,
            "chunk": "REMOVED_FOR_SNAPSHOT_TEST"
        },
        "curl_opts": [],
        "expected_status_codes": [
            200,
            206
        ]
    }
]
