[
    {
        "url": "https:\/\/qit.woo.com\/wp-json\/cd\/v1\/upload-build",
        "method": "POST",
        "post_body": {
            "cd_upload_id": "123e4567-e89b-12d3-a456-426614174000",
            "woo_extension_id": 123,
            "current_chunk": 1,
            "md5_sum": "REMOVED_FOR_SNAPSHOT_TEST",
            "total_chunks": 36,
            "chunk": "REMOVED_FOR_SNAPSHOT_TEST"
        },
        "curl_opts": [],
        "expected_status_codes": [
            200,
            206
        ]
    },
    {
        "url": "https:\/\/qit.woo.com\/wp-json\/cd\/v1\/upload-build",
        "method": "POST",
        "post_body": {
            "cd_upload_id": "123e4567-e89b-12d3-a456-426614174000",
            "woo_extension_id": 123,
            "current_chunk": 2,
            "md5_sum": "REMOVED_FOR_SNAPSHOT_TEST",
            "total_chunks": 36,
            "chunk": "REMOVED_FOR_SNAPSHOT_TEST"
        },
        "curl_opts": [],
        "expected_status_codes": [
            200,
            206
        ]
    },
    {
        "url": "https:\/\/qit.woo.com\/wp-json\/cd\/v1\/upload-build",
        "method": "POST",
        "post_body": {
            "cd_upload_id": "123e4567-e89b-12d3-a456-426614174000",
            "woo_extension_id": 123,
            "current_chunk": 3,
            "md5_sum": "REMOVED_FOR_SNAPSHOT_TEST",
            "total_chunks": 36,
            "chunk": "REMOVED_FOR_SNAPSHOT_TEST"
        },
        "curl_opts": [],
        "expected_status_codes": [
            200,
            206
        ]
    },
    {
        "url": "https:\/\/qit.woo.com\/wp-json\/cd\/v1\/upload-build",
        "method": "POST",
        "post_body": {
            "cd_upload_id": "123e4567-e89b-12d3-a456-426614174000",
            "woo_extension_id": 123,
            "current_chunk": 4,
            "md5_sum": "REMOVED_FOR_SNAPSHOT_TEST",
            "total_chunks": 36,
            "chunk": "REMOVED_FOR_SNAPSHOT_TEST"
        },
        "curl_opts": [],
        "expected_status_codes": [
            200,
            206
        ]
    },
    {
        "url": "https:\/\/qit.woo.com\/wp-json\/cd\/v1\/upload-build",
        "method": "POST",
        "post_body": {
            "cd_upload_id": "123e4567-e89b-12d3-a456-426614174000",
            "woo_extension_id": 123,
            "current_chunk": 5,
            "md5_sum": "REMOVED_FOR_SNAPSHOT_TEST",
            "total_chunks": 36,
            "chunk": "REMOVED_FOR_SNAPSHOT_TEST"
        },
        "curl_opts": [],
        "expected_status_codes": [
            200,
            206
        ]
    },
    {
        "url": "https:\/\/qit.woo.com\/wp-json\/cd\/v1\/upload-build",
        "method": "POST",
        "post_body": {
            "cd_upload_id": "123e4567-e89b-12d3-a456-426614174000",
            "woo_extension_id": 123,
            "current_chunk": 6,
            "md5_sum": "REMOVED_FOR_SNAPSHOT_TEST",
            "total_chunks": 36,
            "chunk": "REMOVED_FOR_SNAPSHOT_TEST"
        },
        "curl_opts": [],
        "expected_status_codes": [
            200,
            206
        ]
    },
    {
        "url": "https:\/\/qit.woo.com\/wp-json\/cd\/v1\/upload-build",
        "method": "POST",
        "post_body": {
            "cd_upload_id": "123e4567-e89b-12d3-a456-426614174000",
            "woo_extension_id": 123,
            "current_chunk": 7,
            "md5_sum": "REMOVED_FOR_SNAPSHOT_TEST",
            "total_chunks": 36,
            "chunk": "REMOVED_FOR_SNAPSHOT_TEST"
        },
        "curl_opts": [],
        "expected_status_codes": [
            200,
            206
        ]
    },
    {
        "url": "https:\/\/qit.woo.com\/wp-json\/cd\/v1\/upload-build",
        "method": "POST",
        "post_body": {
            "cd_upload_id": "123e4567-e89b-12d3-a456-426614174000",
            "woo_extension_id": 123,
            "current_chunk": 8,
            "md5_sum": "REMOVED_FOR_SNAPSHOT_TEST",
            "total_chunks": 36,
            "chunk": "REMOVED_FOR_SNAPSHOT_TEST"
        },
        "curl_opts": [],
        "expected_status_codes": [
            200,
            206
        ]
    },
    {
        "url": "https:\/\/qit.woo.com\/wp-json\/cd\/v1\/upload-build",
        "method": "POST",
        "post_body": {
            "cd_upload_id": "123e4567-e89b-12d3-a456-426614174000",
            "woo_extension_id": 123,
            "current_chunk": 9,
            "md5_sum": "REMOVED_FOR_SNAPSHOT_TEST",
            "total_chunks": 36,
            "chunk": "REMOVED_FOR_SNAPSHOT_TEST"
        },
        "curl_opts": [],
        "expected_status_codes": [
            200,
            206
        ]
    },
    {
        "url": "https:\/\/qit.woo.com\/wp-json\/cd\/v1\/upload-build",
        "method": "POST",
        "post_body": {
            "cd_upload_id": "123e4567-e89b-12d3-a456-426614174000",
            "woo_extension_id": 123,
            "current_chunk": 10,
            "md5_sum": "REMOVED_FOR_SNAPSHOT_TEST",
            "total_chunks": 36,
            "chunk": "REMOVED_FOR_SNAPSHOT_TEST"
        },
        "curl_opts": [],
        "expected_status_codes": [
            200,
            206
        ]
    },
    {
        "url": "https:\/\/qit.woo.com\/wp-json\/cd\/v1\/upload-build",
        "method": "POST",
        "post_body": {
            "cd_upload_id": "123e4567-e89b-12d3-a456-426614174000",
            "woo_extension_id": 123,
            "current_chunk": 11,
            "md5_sum": "REMOVED_FOR_SNAPSHOT_TEST",
            "total_chunks": 36,
            "chunk": "REMOVED_FOR_SNAPSHOT_TEST"
        },
        "curl_opts": [],
        "expected_status_codes": [
            200,
            206
        ]
    },
    {
        "url": "https:\/\/qit.woo.com\/wp-json\/cd\/v1\/upload-build",
        "method": "POST",
        "post_body": {
            "cd_upload_id": "123e4567-e89b-12d3-a456-426614174000",
            "woo_extension_id": 123,
            "current_chunk": 12,
            "md5_sum": "REMOVED_FOR_SNAPSHOT_TEST",
            "total_chunks": 36,
            "chunk": "REMOVED_FOR_SNAPSHOT_TEST"
        },
        "curl_opts": [],
        "expected_status_codes": [
            200,
            206
        ]
    },
    {
        "url": "https:\/\/qit.woo.com\/wp-json\/cd\/v1\/upload-build",
        "method": "POST",
        "post_body": {
            "cd_upload_id": "123e4567-e89b-12d3-a456-426614174000",
            "woo_extension_id": 123,
            "current_chunk": 13,
            "md5_sum": "REMOVED_FOR_SNAPSHOT_TEST",
            "total_chunks": 36,
            "chunk": "REMOVED_FOR_SNAPSHOT_TEST"
        },
        "curl_opts": [],
        "expected_status_codes": [
            200,
            206
        ]
    },
    {
        "url": "https:\/\/qit.woo.com\/wp-json\/cd\/v1\/upload-build",
        "method": "POST",
        "post_body": {
            "cd_upload_id": "123e4567-e89b-12d3-a456-426614174000",
            "woo_extension_id": 123,
            "current_chunk": 14,
            "md5_sum": "REMOVED_FOR_SNAPSHOT_TEST",
            "total_chunks": 36,
            "chunk": "REMOVED_FOR_SNAPSHOT_TEST"
        },
        "curl_opts": [],
        "expected_status_codes": [
            200,
            206
        ]
    },
    {
        "url": "https:\/\/qit.woo.com\/wp-json\/cd\/v1\/upload-build",
        "method": "POST",
        "post_body": {
            "cd_upload_id": "123e4567-e89b-12d3-a456-426614174000",
            "woo_extension_id": 123,
            "current_chunk": 15,
            "md5_sum": "REMOVED_FOR_SNAPSHOT_TEST",
            "total_chunks": 36,
            "chunk": "REMOVED_FOR_SNAPSHOT_TEST"
        },
        "curl_opts": [],
        "expected_status_codes": [
            200,
            206
        ]
    },
    {
        "url": "https:\/\/qit.woo.com\/wp-json\/cd\/v1\/upload-build",
        "method": "POST",
        "post_body": {
            "cd_upload_id": "123e4567-e89b-12d3-a456-426614174000",
            "woo_extension_id": 123,
            "current_chunk": 16,
            "md5_sum": "REMOVED_FOR_SNAPSHOT_TEST",
            "total_chunks": 36,
            "chunk": "REMOVED_FOR_SNAPSHOT_TEST"
        },
        "curl_opts": [],
        "expected_status_codes": [
            200,
            206
        ]
    },
    {
        "url": "https:\/\/qit.woo.com\/wp-json\/cd\/v1\/upload-build",
        "method": "POST",
        "post_body": {
            "cd_upload_id": "123e4567-e89b-12d3-a456-426614174000",
            "woo_extension_id": 123,
            "current_chunk": 17,
            "md5_sum": "REMOVED_FOR_SNAPSHOT_TEST",
            "total_chunks": 36,
            "chunk": "REMOVED_FOR_SNAPSHOT_TEST"
        },
        "curl_opts": [],
        "expected_status_codes": [
            200,
            206
        ]
    },
    {
        "url": "https:\/\/qit.woo.com\/wp-json\/cd\/v1\/upload-build",
        "method": "POST",
        "post_body": {
            "cd_upload_id": "123e4567-e89b-12d3-a456-426614174000",
            "woo_extension_id": 123,
            "current_chunk": 18,
            "md5_sum": "REMOVED_FOR_SNAPSHOT_TEST",
            "total_chunks": 36,
            "chunk": "REMOVED_FOR_SNAPSHOT_TEST"
        },
        "curl_opts": [],
        "expected_status_codes": [
            200,
            206
        ]
    },
    {
        "url": "https:\/\/qit.woo.com\/wp-json\/cd\/v1\/upload-build",
        "method": "POST",
        "post_body": {
            "cd_upload_id": "123e4567-e89b-12d3-a456-426614174000",
            "woo_extension_id": 123,
            "current_chunk": 19,
            "md5_sum": "REMOVED_FOR_SNAPSHOT_TEST",
            "total_chunks": 36,
            "chunk": "REMOVED_FOR_SNAPSHOT_TEST"
        },
        "curl_opts": [],
        "expected_status_codes": [
            200,
            206
        ]
    },
    {
        "url": "https:\/\/qit.woo.com\/wp-json\/cd\/v1\/upload-build",
        "method": "POST",
        "post_body": {
            "cd_upload_id": "123e4567-e89b-12d3-a456-426614174000",
            "woo_extension_id": 123,
            "current_chunk": 20,
            "md5_sum": "REMOVED_FOR_SNAPSHOT_TEST",
            "total_chunks": 36,
            "chunk": "REMOVED_FOR_SNAPSHOT_TEST"
        },
        "curl_opts": [],
        "expected_status_codes": [
            200,
            206
        ]
    },
    {
        "url": "https:\/\/qit.woo.com\/wp-json\/cd\/v1\/upload-build",
        "method": "POST",
        "post_body": {
            "cd_upload_id": "123e4567-e89b-12d3-a456-426614174000",
            "woo_extension_id": 123,
            "current_chunk": 21,
            "md5_sum": "REMOVED_FOR_SNAPSHOT_TEST",
            "total_chunks": 36,
            "chunk": "REMOVED_FOR_SNAPSHOT_TEST"
        },
        "curl_opts": [],
        "expected_status_codes": [
            200,
            206
        ]
    },
    {
        "url": "https:\/\/qit.woo.com\/wp-json\/cd\/v1\/upload-build",
        "method": "POST",
        "post_body": {
            "cd_upload_id": "123e4567-e89b-12d3-a456-426614174000",
            "woo_extension_id": 123,
            "current_chunk": 22,
            "md5_sum": "REMOVED_FOR_SNAPSHOT_TEST",
            "total_chunks": 36,
            "chunk": "REMOVED_FOR_SNAPSHOT_TEST"
        },
        "curl_opts": [],
        "expected_status_codes": [
            200,
            206
        ]
    },
    {
        "url": "https:\/\/qit.woo.com\/wp-json\/cd\/v1\/upload-build",
        "method": "POST",
        "post_body": {
            "cd_upload_id": "123e4567-e89b-12d3-a456-426614174000",
            "woo_extension_id": 123,
            "current_chunk": 23,
            "md5_sum": "REMOVED_FOR_SNAPSHOT_TEST",
            "total_chunks": 36,
            "chunk": "REMOVED_FOR_SNAPSHOT_TEST"
        },
        "curl_opts": [],
        "expected_status_codes": [
            200,
            206
        ]
    },
    {
        "url": "https:\/\/qit.woo.com\/wp-json\/cd\/v1\/upload-build",
        "method": "POST",
        "post_body": {
            "cd_upload_id": "123e4567-e89b-12d3-a456-426614174000",
            "woo_extension_id": 123,
            "current_chunk": 24,
            "md5_sum": "REMOVED_FOR_SNAPSHOT_TEST",
            "total_chunks": 36,
            "chunk": "REMOVED_FOR_SNAPSHOT_TEST"
        },
        "curl_opts": [],
        "expected_status_codes": [
            200,
            206
        ]
    },
    {
        "url": "https:\/\/qit.woo.com\/wp-json\/cd\/v1\/upload-build",
        "method": "POST",
        "post_body": {
            "cd_upload_id": "123e4567-e89b-12d3-a456-426614174000",
            "woo_extension_id": 123,
            "current_chunk": 25,
            "md5_sum": "REMOVED_FOR_SNAPSHOT_TEST",
            "total_chunks": 36,
            "chunk": "REMOVED_FOR_SNAPSHOT_TEST"
        },
        "curl_opts": [],
        "expected_status_codes": [
            200,
            206
        ]
    },
    {
        "url": "https:\/\/qit.woo.com\/wp-json\/cd\/v1\/upload-build",
        "method": "POST",
        "post_body": {
            "cd_upload_id": "123e4567-e89b-12d3-a456-426614174000",
            "woo_extension_id": 123,
            "current_chunk": 26,
            "md5_sum": "REMOVED_FOR_SNAPSHOT_TEST",
            "total_chunks": 36,
            "chunk": "REMOVED_FOR_SNAPSHOT_TEST"
        },
        "curl_opts": [],
        "expected_status_codes": [
            200,
            206
        ]
    },
    {
        "url": "https:\/\/qit.woo.com\/wp-json\/cd\/v1\/upload-build",
        "method": "POST",
        "post_body": {
            "cd_upload_id": "123e4567-e89b-12d3-a456-426614174000",
            "woo_extension_id": 123,
            "current_chunk": 27,
            "md5_sum": "REMOVED_FOR_SNAPSHOT_TEST",
            "total_chunks": 36,
            "chunk": "REMOVED_FOR_SNAPSHOT_TEST"
        },
        "curl_opts": [],
        "expected_status_codes": [
            200,
            206
        ]
    },
    {
        "url": "https:\/\/qit.woo.com\/wp-json\/cd\/v1\/upload-build",
        "method": "POST",
        "post_body": {
            "cd_upload_id": "123e4567-e89b-12d3-a456-426614174000",
            "woo_extension_id": 123,
            "current_chunk": 28,
            "md5_sum": "REMOVED_FOR_SNAPSHOT_TEST",
            "total_chunks": 36,
            "chunk": "REMOVED_FOR_SNAPSHOT_TEST"
        },
        "curl_opts": [],
        "expected_status_codes": [
            200,
            206
        ]
    },
    {
        "url": "https:\/\/qit.woo.com\/wp-json\/cd\/v1\/upload-build",
        "method": "POST",
        "post_body": {
            "cd_upload_id": "123e4567-e89b-12d3-a456-426614174000",
            "woo_extension_id": 123,
            "current_chunk": 29,
            "md5_sum": "REMOVED_FOR_SNAPSHOT_TEST",
            "total_chunks": 36,
            "chunk": "REMOVED_FOR_SNAPSHOT_TEST"
        },
        "curl_opts": [],
        "expected_status_codes": [
            200,
            206
        ]
    },
    {
        "url": "https:\/\/qit.woo.com\/wp-json\/cd\/v1\/upload-build",
        "method": "POST",
        "post_body": {
            "cd_upload_id": "123e4567-e89b-12d3-a456-426614174000",
            "woo_extension_id": 123,
            "current_chunk": 30,
            "md5_sum": "REMOVED_FOR_SNAPSHOT_TEST",
            "total_chunks": 36,
            "chunk": "REMOVED_FOR_SNAPSHOT_TEST"
        },
        "curl_opts": [],
        "expected_status_codes": [
            200,
            206
        ]
    },
    {
        "url": "https:\/\/qit.woo.com\/wp-json\/cd\/v1\/upload-build",
        "method": "POST",
        "post_body": {
            "cd_upload_id": "123e4567-e89b-12d3-a456-426614174000",
            "woo_extension_id": 123,
            "current_chunk": 31,
            "md5_sum": "REMOVED_FOR_SNAPSHOT_TEST",
            "total_chunks": 36,
            "chunk": "REMOVED_FOR_SNAPSHOT_TEST"
        },
        "curl_opts": [],
        "expected_status_codes": [
            200,
            206
        ]
    },
    {
        "url": "https:\/\/qit.woo.com\/wp-json\/cd\/v1\/upload-build",
        "method": "POST",
        "post_body": {
            "cd_upload_id": "123e4567-e89b-12d3-a456-426614174000",
            "woo_extension_id": 123,
            "current_chunk": 32,
            "md5_sum": "REMOVED_FOR_SNAPSHOT_TEST",
            "total_chunks": 36,
            "chunk": "REMOVED_FOR_SNAPSHOT_TEST"
        },
        "curl_opts": [],
        "expected_status_codes": [
            200,
            206
        ]
    },
    {
        "url": "https:\/\/qit.woo.com\/wp-json\/cd\/v1\/upload-build",
        "method": "POST",
        "post_body": {
            "cd_upload_id": "123e4567-e89b-12d3-a456-426614174000",
            "woo_extension_id": 123,
            "current_chunk": 33,
            "md5_sum": "REMOVED_FOR_SNAPSHOT_TEST",
            "total_chunks": 36,
            "chunk": "REMOVED_FOR_SNAPSHOT_TEST"
        },
        "curl_opts": [],
        "expected_status_codes": [
            200,
            206
        ]
    },
    {
        "url": "https:\/\/qit.woo.com\/wp-json\/cd\/v1\/upload-build",
        "method": "POST",
        "post_body": {
            "cd_upload_id": "123e4567-e89b-12d3-a456-426614174000",
            "woo_extension_id": 123,
            "current_chunk": 34,
            "md5_sum": "REMOVED_FOR_SNAPSHOT_TEST",
            "total_chunks": 36,
            "chunk": "REMOVED_FOR_SNAPSHOT_TEST"
        },
        "curl_opts": [],
        "expected_status_codes": [
            200,
            206
        ]
    },
    {
        "url": "https:\/\/qit.woo.com\/wp-json\/cd\/v1\/upload-build",
        "method": "POST",
        "post_body": {
            "cd_upload_id": "123e4567-e89b-12d3-a456-426614174000",
            "woo_extension_id": 123,
            "current_chunk": 35,
            "md5_sum": "REMOVED_FOR_SNAPSHOT_TEST",
            "total_chunks": 36,
            "chunk": "REMOVED_FOR_SNAPSHOT_TEST"
        },
        "curl_opts": [],
        "expected_status_codes": [
            200,
            206
        ]
    },
    {
        "url": "https:\/\/qit.woo.com\/wp-json\/cd\/v1\/upload-build",
        "method": "POST",
        "post_body": {
            "cd_upload_id": "123e4567-e89b-12d3-a456-426614174000",
            "woo_extension_id": 123,
            "current_chunk": 36,
            "md5_sum": "REMOVED_FOR_SNAPSHOT_TEST",
            "total_chunks": 36,
            "chunk": "REMOVED_FOR_SNAPSHOT_TEST"
        },
        "curl_opts": [],
        "expected_status_codes": [
            200,
            206
        ]
    }
]
