contents:
    - foo/plugin-entrypoint.php
    - foo/cat.jpg
