{
    "numFailedTestSuites": 1,
    "numPassedTestSuites": 0,
    "numPendingTestSuites": 0,
    "numTotalTestSuites": 1,
    "numFailedTests": 1,
    "numPassedTests": 0,
    "numPendingTests": 0,
    "numTotalTests": 1,
    "testResults": [
        {
            "file": "deli\/local\/example.spec.js",
            "status": "failed",
            "has_pending": false,
            "tests": {
                "deli\/local\/example.spec.js": [
                    {
                        "title": "I can see my plugin menu",
                        "status": "failed"
                    }
                ]
            }
        }
    ],
    "summary": "Test Suites: 0 skipped, 1 failed, 0 passed, 1 total | Tests: 0 skipped, 1 failed, 0 passed, 1 total."
}
